[0.134s] DEBUG:colcon:Command line arguments: ['/usr/bin/colcon', 'build']
[0.134s] DEBUG:colcon:Parsed command line arguments: Namespace(log_base=None, log_level=None, verb_name='build', build_base='build', install_base='install', merge_install=False, symlink_install=False, test_result_base=None, continue_on_error=False, executor='parallel', parallel_workers=8, event_handlers=None, ignore_user_meta=False, metas=['./colcon.meta'], base_paths=['.'], packages_ignore=None, packages_ignore_regex=None, paths=None, packages_up_to=None, packages_up_to_regex=None, packages_above=None, packages_above_and_dependencies=None, packages_above_depth=None, packages_select_by_dep=None, packages_skip_by_dep=None, packages_skip_up_to=None, packages_select_build_failed=False, packages_skip_build_finished=False, packages_select_test_failures=False, packages_skip_test_passed=False, packages_select=None, packages_skip=None, packages_select_regex=None, packages_skip_regex=None, packages_start=None, packages_end=None, lookup_in_workspace=False, cargo_args=None, clean_build=False, cmake_args=None, cmake_target=None, cmake_target_skip_unavailable=False, cmake_clean_cache=False, cmake_clean_first=False, cmake_force_configure=False, ament_cmake_args=None, catkin_cmake_args=None, catkin_skip_building_tests=False, mixin_files=None, mixin=None, verb_parser=<colcon_mixin.mixin.mixin_argument.MixinArgumentDecorator object at 0x7f6340410f10>, verb_extension=<colcon_core.verb.build.BuildVerb object at 0x7f6340410910>, main=<bound method BuildVerb.main of <colcon_core.verb.build.BuildVerb object at 0x7f6340410910>>, mixin_verb=('build',))
[0.179s] Level 1:colcon.colcon_core.package_discovery:discover_packages(colcon_meta) check parameters
[0.179s] Level 1:colcon.colcon_core.package_discovery:discover_packages(recursive) check parameters
[0.179s] Level 1:colcon.colcon_core.package_discovery:discover_packages(ignore) check parameters
[0.179s] Level 1:colcon.colcon_core.package_discovery:discover_packages(path) check parameters
[0.179s] Level 1:colcon.colcon_core.package_discovery:discover_packages(colcon_meta) discover
[0.179s] Level 1:colcon.colcon_core.package_discovery:discover_packages(recursive) discover
[0.179s] INFO:colcon.colcon_core.package_discovery:Crawling recursively for packages in '/home/user/ros2_ws/src/my_rb1_robot'
[0.179s] Level 1:colcon.colcon_core.package_identification:_identify(.) by extensions ['ignore', 'ignore_ament_install']
[0.179s] Level 1:colcon.colcon_core.package_identification:_identify(.) by extension 'ignore'
[0.180s] Level 1:colcon.colcon_core.package_identification:_identify(.) by extension 'ignore_ament_install'
[0.180s] Level 1:colcon.colcon_core.package_identification:_identify(.) by extensions ['colcon_pkg']
[0.180s] Level 1:colcon.colcon_core.package_identification:_identify(.) by extension 'colcon_pkg'
[0.180s] Level 1:colcon.colcon_core.package_identification:_identify(.) by extensions ['colcon_meta']
[0.180s] Level 1:colcon.colcon_core.package_identification:_identify(.) by extension 'colcon_meta'
[0.180s] Level 1:colcon.colcon_core.package_identification:_identify(.) by extensions ['ament_cargo']
[0.180s] Level 1:colcon.colcon_core.package_identification:_identify(.) by extension 'ament_cargo'
[0.180s] Level 1:colcon.colcon_core.package_identification:_identify(.) by extensions ['ros']
[0.180s] Level 1:colcon.colcon_core.package_identification:_identify(.) by extension 'ros'
[0.196s] Level 1:colcon.colcon_core.package_identification:_identify(.) by extensions ['cargo', 'cmake', 'python']
[0.196s] Level 1:colcon.colcon_core.package_identification:_identify(.) by extension 'cargo'
[0.196s] Level 1:colcon.colcon_core.package_identification:_identify(.) by extension 'cmake'
[0.196s] Level 1:colcon.colcon_core.package_identification:_identify(.) by extension 'python'
[0.196s] Level 1:colcon.colcon_core.package_identification:_identify(.) by extensions ['python_setup_py']
[0.196s] Level 1:colcon.colcon_core.package_identification:_identify(.) by extension 'python_setup_py'
[0.196s] Level 1:colcon.colcon_core.package_identification:_identify(build) by extensions ['ignore', 'ignore_ament_install']
[0.196s] Level 1:colcon.colcon_core.package_identification:_identify(build) by extension 'ignore'
[0.196s] Level 1:colcon.colcon_core.package_identification:_identify(build) ignored
[0.197s] Level 1:colcon.colcon_core.package_identification:_identify(install) by extensions ['ignore', 'ignore_ament_install']
[0.197s] Level 1:colcon.colcon_core.package_identification:_identify(install) by extension 'ignore'
[0.197s] Level 1:colcon.colcon_core.package_identification:_identify(install) ignored
[0.197s] Level 1:colcon.colcon_core.package_identification:_identify(log) by extensions ['ignore', 'ignore_ament_install']
[0.197s] Level 1:colcon.colcon_core.package_identification:_identify(log) by extension 'ignore'
[0.197s] Level 1:colcon.colcon_core.package_identification:_identify(log) ignored
[0.197s] Level 1:colcon.colcon_core.package_identification:_identify(my_rb1_description) by extensions ['ignore', 'ignore_ament_install']
[0.197s] Level 1:colcon.colcon_core.package_identification:_identify(my_rb1_description) by extension 'ignore'
[0.197s] Level 1:colcon.colcon_core.package_identification:_identify(my_rb1_description) by extension 'ignore_ament_install'
[0.197s] Level 1:colcon.colcon_core.package_identification:_identify(my_rb1_description) by extensions ['colcon_pkg']
[0.197s] Level 1:colcon.colcon_core.package_identification:_identify(my_rb1_description) by extension 'colcon_pkg'
[0.197s] Level 1:colcon.colcon_core.package_identification:_identify(my_rb1_description) by extensions ['colcon_meta']
[0.197s] Level 1:colcon.colcon_core.package_identification:_identify(my_rb1_description) by extension 'colcon_meta'
[0.197s] Level 1:colcon.colcon_core.package_identification:_identify(my_rb1_description) by extensions ['ament_cargo']
[0.197s] Level 1:colcon.colcon_core.package_identification:_identify(my_rb1_description) by extension 'ament_cargo'
[0.197s] Level 1:colcon.colcon_core.package_identification:_identify(my_rb1_description) by extensions ['ros']
[0.197s] Level 1:colcon.colcon_core.package_identification:_identify(my_rb1_description) by extension 'ros'
[0.200s] DEBUG:colcon.colcon_core.package_identification:Package 'my_rb1_description' with type 'ros.ament_python' and name 'my_rb1_description'
[0.200s] Level 1:colcon.colcon_core.package_identification:_identify(my_rb1_gazebo) by extensions ['ignore', 'ignore_ament_install']
[0.200s] Level 1:colcon.colcon_core.package_identification:_identify(my_rb1_gazebo) by extension 'ignore'
[0.200s] Level 1:colcon.colcon_core.package_identification:_identify(my_rb1_gazebo) by extension 'ignore_ament_install'
[0.200s] Level 1:colcon.colcon_core.package_identification:_identify(my_rb1_gazebo) by extensions ['colcon_pkg']
[0.200s] Level 1:colcon.colcon_core.package_identification:_identify(my_rb1_gazebo) by extension 'colcon_pkg'
[0.200s] Level 1:colcon.colcon_core.package_identification:_identify(my_rb1_gazebo) by extensions ['colcon_meta']
[0.200s] Level 1:colcon.colcon_core.package_identification:_identify(my_rb1_gazebo) by extension 'colcon_meta'
[0.200s] Level 1:colcon.colcon_core.package_identification:_identify(my_rb1_gazebo) by extensions ['ament_cargo']
[0.200s] Level 1:colcon.colcon_core.package_identification:_identify(my_rb1_gazebo) by extension 'ament_cargo'
[0.200s] Level 1:colcon.colcon_core.package_identification:_identify(my_rb1_gazebo) by extensions ['ros']
[0.200s] Level 1:colcon.colcon_core.package_identification:_identify(my_rb1_gazebo) by extension 'ros'
[0.201s] DEBUG:colcon.colcon_core.package_identification:Package 'my_rb1_gazebo' with type 'ros.ament_python' and name 'my_rb1_gazebo'
[0.201s] Level 1:colcon.colcon_core.package_discovery:discover_packages(recursive) using defaults
[0.201s] Level 1:colcon.colcon_core.package_discovery:discover_packages(ignore) discover
[0.201s] Level 1:colcon.colcon_core.package_discovery:discover_packages(ignore) using defaults
[0.201s] Level 1:colcon.colcon_core.package_discovery:discover_packages(path) discover
[0.201s] Level 1:colcon.colcon_core.package_discovery:discover_packages(path) using defaults
[0.224s] Level 5:colcon.colcon_core.verb:set package 'my_rb1_description' build argument 'lookup_in_workspace' from command line to 'False'
[0.224s] Level 5:colcon.colcon_core.verb:set package 'my_rb1_description' build argument 'cargo_args' from command line to 'None'
[0.224s] Level 5:colcon.colcon_core.verb:set package 'my_rb1_description' build argument 'clean_build' from command line to 'False'
[0.224s] Level 5:colcon.colcon_core.verb:set package 'my_rb1_description' build argument 'cmake_args' from command line to 'None'
[0.224s] Level 5:colcon.colcon_core.verb:set package 'my_rb1_description' build argument 'cmake_target' from command line to 'None'
[0.224s] Level 5:colcon.colcon_core.verb:set package 'my_rb1_description' build argument 'cmake_target_skip_unavailable' from command line to 'False'
[0.224s] Level 5:colcon.colcon_core.verb:set package 'my_rb1_description' build argument 'cmake_clean_cache' from command line to 'False'
[0.224s] Level 5:colcon.colcon_core.verb:set package 'my_rb1_description' build argument 'cmake_clean_first' from command line to 'False'
[0.224s] Level 5:colcon.colcon_core.verb:set package 'my_rb1_description' build argument 'cmake_force_configure' from command line to 'False'
[0.224s] Level 5:colcon.colcon_core.verb:set package 'my_rb1_description' build argument 'ament_cmake_args' from command line to 'None'
[0.224s] Level 5:colcon.colcon_core.verb:set package 'my_rb1_description' build argument 'catkin_cmake_args' from command line to 'None'
[0.224s] Level 5:colcon.colcon_core.verb:set package 'my_rb1_description' build argument 'catkin_skip_building_tests' from command line to 'False'
[0.224s] DEBUG:colcon.colcon_core.verb:Building package 'my_rb1_description' with the following arguments: {'ament_cmake_args': None, 'build_base': '/home/user/ros2_ws/src/my_rb1_robot/build/my_rb1_description', 'cargo_args': None, 'catkin_cmake_args': None, 'catkin_skip_building_tests': False, 'clean_build': False, 'cmake_args': None, 'cmake_clean_cache': False, 'cmake_clean_first': False, 'cmake_force_configure': False, 'cmake_target': None, 'cmake_target_skip_unavailable': False, 'install_base': '/home/user/ros2_ws/src/my_rb1_robot/install/my_rb1_description', 'lookup_in_workspace': False, 'merge_install': False, 'path': '/home/user/ros2_ws/src/my_rb1_robot/my_rb1_description', 'symlink_install': False, 'test_result_base': None}
[0.224s] Level 5:colcon.colcon_core.verb:set package 'my_rb1_gazebo' build argument 'lookup_in_workspace' from command line to 'False'
[0.224s] Level 5:colcon.colcon_core.verb:set package 'my_rb1_gazebo' build argument 'cargo_args' from command line to 'None'
[0.224s] Level 5:colcon.colcon_core.verb:set package 'my_rb1_gazebo' build argument 'clean_build' from command line to 'False'
[0.224s] Level 5:colcon.colcon_core.verb:set package 'my_rb1_gazebo' build argument 'cmake_args' from command line to 'None'
[0.224s] Level 5:colcon.colcon_core.verb:set package 'my_rb1_gazebo' build argument 'cmake_target' from command line to 'None'
[0.225s] Level 5:colcon.colcon_core.verb:set package 'my_rb1_gazebo' build argument 'cmake_target_skip_unavailable' from command line to 'False'
[0.225s] Level 5:colcon.colcon_core.verb:set package 'my_rb1_gazebo' build argument 'cmake_clean_cache' from command line to 'False'
[0.225s] Level 5:colcon.colcon_core.verb:set package 'my_rb1_gazebo' build argument 'cmake_clean_first' from command line to 'False'
[0.225s] Level 5:colcon.colcon_core.verb:set package 'my_rb1_gazebo' build argument 'cmake_force_configure' from command line to 'False'
[0.225s] Level 5:colcon.colcon_core.verb:set package 'my_rb1_gazebo' build argument 'ament_cmake_args' from command line to 'None'
[0.225s] Level 5:colcon.colcon_core.verb:set package 'my_rb1_gazebo' build argument 'catkin_cmake_args' from command line to 'None'
[0.225s] Level 5:colcon.colcon_core.verb:set package 'my_rb1_gazebo' build argument 'catkin_skip_building_tests' from command line to 'False'
[0.225s] DEBUG:colcon.colcon_core.verb:Building package 'my_rb1_gazebo' with the following arguments: {'ament_cmake_args': None, 'build_base': '/home/user/ros2_ws/src/my_rb1_robot/build/my_rb1_gazebo', 'cargo_args': None, 'catkin_cmake_args': None, 'catkin_skip_building_tests': False, 'clean_build': False, 'cmake_args': None, 'cmake_clean_cache': False, 'cmake_clean_first': False, 'cmake_force_configure': False, 'cmake_target': None, 'cmake_target_skip_unavailable': False, 'install_base': '/home/user/ros2_ws/src/my_rb1_robot/install/my_rb1_gazebo', 'lookup_in_workspace': False, 'merge_install': False, 'path': '/home/user/ros2_ws/src/my_rb1_robot/my_rb1_gazebo', 'symlink_install': False, 'test_result_base': None}
[0.225s] INFO:colcon.colcon_core.executor:Executing jobs using 'parallel' executor
[0.226s] DEBUG:colcon.colcon_parallel_executor.executor.parallel:run_until_complete
[0.226s] INFO:colcon.colcon_ros.task.ament_python.build:Building ROS package in '/home/user/ros2_ws/src/my_rb1_robot/my_rb1_description' with build type 'ament_python'
[0.226s] Level 1:colcon.colcon_core.shell:create_environment_hook('my_rb1_description', 'ament_prefix_path')
[0.229s] INFO:colcon.colcon_core.plugin_system:Skipping extension 'colcon_core.shell.bat': Not used on non-Windows systems
[0.229s] INFO:colcon.colcon_core.shell:Creating environment hook '/home/user/ros2_ws/src/my_rb1_robot/install/my_rb1_description/share/my_rb1_description/hook/ament_prefix_path.ps1'
[0.230s] INFO:colcon.colcon_core.shell:Creating environment descriptor '/home/user/ros2_ws/src/my_rb1_robot/install/my_rb1_description/share/my_rb1_description/hook/ament_prefix_path.dsv'
[0.230s] INFO:colcon.colcon_core.shell:Creating environment hook '/home/user/ros2_ws/src/my_rb1_robot/install/my_rb1_description/share/my_rb1_description/hook/ament_prefix_path.sh'
[0.231s] INFO:colcon.colcon_core.shell:Skip shell extension 'powershell' for command environment: Not usable outside of PowerShell
[0.231s] DEBUG:colcon.colcon_core.shell:Skip shell extension 'dsv' for command environment
[0.232s] WARNING:colcon.colcon_ros.prefix_path.ament:The path '/home/user/ros2_ws/src/my_rb1_robot/install/my_rb1_gazebo' in the environment variable AMENT_PREFIX_PATH doesn't exist
[0.240s] INFO:colcon.colcon_ros.task.ament_python.build:Building ROS package in '/home/user/ros2_ws/src/my_rb1_robot/my_rb1_gazebo' with build type 'ament_python'
[0.240s] Level 1:colcon.colcon_core.shell:create_environment_hook('my_rb1_gazebo', 'ament_prefix_path')
[0.240s] INFO:colcon.colcon_core.shell:Creating environment hook '/home/user/ros2_ws/src/my_rb1_robot/install/my_rb1_gazebo/share/my_rb1_gazebo/hook/ament_prefix_path.ps1'
[0.241s] INFO:colcon.colcon_core.shell:Creating environment descriptor '/home/user/ros2_ws/src/my_rb1_robot/install/my_rb1_gazebo/share/my_rb1_gazebo/hook/ament_prefix_path.dsv'
[0.241s] INFO:colcon.colcon_core.shell:Creating environment hook '/home/user/ros2_ws/src/my_rb1_robot/install/my_rb1_gazebo/share/my_rb1_gazebo/hook/ament_prefix_path.sh'
[0.241s] INFO:colcon.colcon_core.shell:Skip shell extension 'powershell' for command environment: Not usable outside of PowerShell
[0.241s] DEBUG:colcon.colcon_core.shell:Skip shell extension 'dsv' for command environment
[0.495s] INFO:colcon.colcon_core.task.python.build:Building Python package in '/home/user/ros2_ws/src/my_rb1_robot/my_rb1_description'
[0.495s] INFO:colcon.colcon_core.shell:Skip shell extension 'powershell' for command environment: Not usable outside of PowerShell
[0.495s] DEBUG:colcon.colcon_core.shell:Skip shell extension 'dsv' for command environment
[0.752s] INFO:colcon.colcon_core.task.python.build:Building Python package in '/home/user/ros2_ws/src/my_rb1_robot/my_rb1_gazebo'
[0.753s] INFO:colcon.colcon_core.shell:Skip shell extension 'powershell' for command environment: Not usable outside of PowerShell
[0.753s] DEBUG:colcon.colcon_core.shell:Skip shell extension 'dsv' for command environment
[1.379s] DEBUG:colcon.colcon_core.event_handler.log_command:Invoking command in '/home/user/ros2_ws/src/my_rb1_robot/my_rb1_gazebo': PYTHONPATH=/home/user/ros2_ws/src/my_rb1_robot/build/my_rb1_gazebo/prefix_override:/usr/lib/python3/dist-packages/colcon_core/task/python/colcon_distutils_commands:/home/user/ros2_ws/src/my_rb1_robot/install/my_rb1_gazebo/lib/python3.10/site-packages:${PYTHONPATH} _=/usr/bin/env /usr/bin/python3 -W ignore:setup.py install is deprecated -W ignore:easy_install command is deprecated setup.py egg_info --egg-base ../build/my_rb1_gazebo build --build-base /home/user/ros2_ws/src/my_rb1_robot/build/my_rb1_gazebo/build install --record /home/user/ros2_ws/src/my_rb1_robot/build/my_rb1_gazebo/install.log --single-version-externally-managed install_data
[1.385s] DEBUG:colcon.colcon_core.event_handler.log_command:Invoking command in '/home/user/ros2_ws/src/my_rb1_robot/my_rb1_description': PYTHONPATH=/home/user/ros2_ws/src/my_rb1_robot/build/my_rb1_description/prefix_override:/usr/lib/python3/dist-packages/colcon_core/task/python/colcon_distutils_commands:/home/user/ros2_ws/src/my_rb1_robot/install/my_rb1_description/lib/python3.10/site-packages:${PYTHONPATH} _=/usr/bin/env /usr/bin/python3 -W ignore:setup.py install is deprecated -W ignore:easy_install command is deprecated setup.py egg_info --egg-base ../build/my_rb1_description build --build-base /home/user/ros2_ws/src/my_rb1_robot/build/my_rb1_description/build install --record /home/user/ros2_ws/src/my_rb1_robot/build/my_rb1_description/install.log --single-version-externally-managed install_data
[2.055s] DEBUG:colcon.colcon_core.event_handler.log_command:Invoked command in '/home/user/ros2_ws/src/my_rb1_robot/my_rb1_gazebo' returned '0': PYTHONPATH=/home/user/ros2_ws/src/my_rb1_robot/build/my_rb1_gazebo/prefix_override:/usr/lib/python3/dist-packages/colcon_core/task/python/colcon_distutils_commands:/home/user/ros2_ws/src/my_rb1_robot/install/my_rb1_gazebo/lib/python3.10/site-packages:${PYTHONPATH} _=/usr/bin/env /usr/bin/python3 -W ignore:setup.py install is deprecated -W ignore:easy_install command is deprecated setup.py egg_info --egg-base ../build/my_rb1_gazebo build --build-base /home/user/ros2_ws/src/my_rb1_robot/build/my_rb1_gazebo/build install --record /home/user/ros2_ws/src/my_rb1_robot/build/my_rb1_gazebo/install.log --single-version-externally-managed install_data
[2.058s] Level 1:colcon.colcon_core.environment:checking '/home/user/ros2_ws/src/my_rb1_robot/install/my_rb1_gazebo' for CMake module files
[2.058s] Level 1:colcon.colcon_core.environment:checking '/home/user/ros2_ws/src/my_rb1_robot/install/my_rb1_gazebo' for CMake config files
[2.059s] Level 1:colcon.colcon_core.environment:checking '/home/user/ros2_ws/src/my_rb1_robot/install/my_rb1_gazebo/lib'
[2.059s] Level 1:colcon.colcon_core.environment:checking '/home/user/ros2_ws/src/my_rb1_robot/install/my_rb1_gazebo/bin'
[2.060s] Level 1:colcon.colcon_core.environment:checking '/home/user/ros2_ws/src/my_rb1_robot/install/my_rb1_gazebo/lib/pkgconfig/my_rb1_gazebo.pc'
[2.060s] Level 1:colcon.colcon_core.environment:checking '/home/user/ros2_ws/src/my_rb1_robot/install/my_rb1_gazebo/lib/python3.10/site-packages'
[2.060s] Level 1:colcon.colcon_core.shell:create_environment_hook('my_rb1_gazebo', 'pythonpath')
[2.061s] INFO:colcon.colcon_core.shell:Creating environment hook '/home/user/ros2_ws/src/my_rb1_robot/install/my_rb1_gazebo/share/my_rb1_gazebo/hook/pythonpath.ps1'
[2.061s] INFO:colcon.colcon_core.shell:Creating environment descriptor '/home/user/ros2_ws/src/my_rb1_robot/install/my_rb1_gazebo/share/my_rb1_gazebo/hook/pythonpath.dsv'
[2.062s] INFO:colcon.colcon_core.shell:Creating environment hook '/home/user/ros2_ws/src/my_rb1_robot/install/my_rb1_gazebo/share/my_rb1_gazebo/hook/pythonpath.sh'
[2.063s] Level 1:colcon.colcon_core.environment:checking '/home/user/ros2_ws/src/my_rb1_robot/install/my_rb1_gazebo/bin'
[2.063s] Level 1:colcon.colcon_core.environment:create_environment_scripts_only(my_rb1_gazebo)
[2.063s] INFO:colcon.colcon_core.shell:Creating package script '/home/user/ros2_ws/src/my_rb1_robot/install/my_rb1_gazebo/share/my_rb1_gazebo/package.ps1'
[2.064s] INFO:colcon.colcon_core.shell:Creating package descriptor '/home/user/ros2_ws/src/my_rb1_robot/install/my_rb1_gazebo/share/my_rb1_gazebo/package.dsv'
[2.065s] INFO:colcon.colcon_core.shell:Creating package script '/home/user/ros2_ws/src/my_rb1_robot/install/my_rb1_gazebo/share/my_rb1_gazebo/package.sh'
[2.066s] INFO:colcon.colcon_core.shell:Creating package script '/home/user/ros2_ws/src/my_rb1_robot/install/my_rb1_gazebo/share/my_rb1_gazebo/package.bash'
[2.069s] INFO:colcon.colcon_core.shell:Creating package script '/home/user/ros2_ws/src/my_rb1_robot/install/my_rb1_gazebo/share/my_rb1_gazebo/package.zsh'
[2.070s] Level 1:colcon.colcon_core.environment:create_file_with_runtime_dependencies(/home/user/ros2_ws/src/my_rb1_robot/install/my_rb1_gazebo/share/colcon-core/packages/my_rb1_gazebo)
[2.071s] Level 1:colcon.colcon_core.environment:checking '/home/user/ros2_ws/src/my_rb1_robot/install/my_rb1_description' for CMake module files
[2.072s] DEBUG:colcon.colcon_core.event_handler.log_command:Invoked command in '/home/user/ros2_ws/src/my_rb1_robot/my_rb1_description' returned '0': PYTHONPATH=/home/user/ros2_ws/src/my_rb1_robot/build/my_rb1_description/prefix_override:/usr/lib/python3/dist-packages/colcon_core/task/python/colcon_distutils_commands:/home/user/ros2_ws/src/my_rb1_robot/install/my_rb1_description/lib/python3.10/site-packages:${PYTHONPATH} _=/usr/bin/env /usr/bin/python3 -W ignore:setup.py install is deprecated -W ignore:easy_install command is deprecated setup.py egg_info --egg-base ../build/my_rb1_description build --build-base /home/user/ros2_ws/src/my_rb1_robot/build/my_rb1_description/build install --record /home/user/ros2_ws/src/my_rb1_robot/build/my_rb1_description/install.log --single-version-externally-managed install_data
[2.072s] Level 1:colcon.colcon_core.environment:checking '/home/user/ros2_ws/src/my_rb1_robot/install/my_rb1_description' for CMake config files
[2.073s] Level 1:colcon.colcon_core.environment:checking '/home/user/ros2_ws/src/my_rb1_robot/install/my_rb1_description/lib'
[2.073s] Level 1:colcon.colcon_core.environment:checking '/home/user/ros2_ws/src/my_rb1_robot/install/my_rb1_description/bin'
[2.073s] Level 1:colcon.colcon_core.environment:checking '/home/user/ros2_ws/src/my_rb1_robot/install/my_rb1_description/lib/pkgconfig/my_rb1_description.pc'
[2.074s] Level 1:colcon.colcon_core.environment:checking '/home/user/ros2_ws/src/my_rb1_robot/install/my_rb1_description/lib/python3.10/site-packages'
[2.074s] Level 1:colcon.colcon_core.shell:create_environment_hook('my_rb1_description', 'pythonpath')
[2.074s] INFO:colcon.colcon_core.shell:Creating environment hook '/home/user/ros2_ws/src/my_rb1_robot/install/my_rb1_description/share/my_rb1_description/hook/pythonpath.ps1'
[2.074s] INFO:colcon.colcon_core.shell:Creating environment descriptor '/home/user/ros2_ws/src/my_rb1_robot/install/my_rb1_description/share/my_rb1_description/hook/pythonpath.dsv'
[2.075s] INFO:colcon.colcon_core.shell:Creating environment hook '/home/user/ros2_ws/src/my_rb1_robot/install/my_rb1_description/share/my_rb1_description/hook/pythonpath.sh'
[2.075s] Level 1:colcon.colcon_core.environment:checking '/home/user/ros2_ws/src/my_rb1_robot/install/my_rb1_description/bin'
[2.075s] Level 1:colcon.colcon_core.environment:create_environment_scripts_only(my_rb1_description)
[2.075s] INFO:colcon.colcon_core.shell:Creating package script '/home/user/ros2_ws/src/my_rb1_robot/install/my_rb1_description/share/my_rb1_description/package.ps1'
[2.076s] INFO:colcon.colcon_core.shell:Creating package descriptor '/home/user/ros2_ws/src/my_rb1_robot/install/my_rb1_description/share/my_rb1_description/package.dsv'
[2.076s] INFO:colcon.colcon_core.shell:Creating package script '/home/user/ros2_ws/src/my_rb1_robot/install/my_rb1_description/share/my_rb1_description/package.sh'
[2.077s] INFO:colcon.colcon_core.shell:Creating package script '/home/user/ros2_ws/src/my_rb1_robot/install/my_rb1_description/share/my_rb1_description/package.bash'
[2.077s] INFO:colcon.colcon_core.shell:Creating package script '/home/user/ros2_ws/src/my_rb1_robot/install/my_rb1_description/share/my_rb1_description/package.zsh'
[2.077s] Level 1:colcon.colcon_core.environment:create_file_with_runtime_dependencies(/home/user/ros2_ws/src/my_rb1_robot/install/my_rb1_description/share/colcon-core/packages/my_rb1_description)
[2.078s] DEBUG:colcon.colcon_parallel_executor.executor.parallel:closing loop
[2.078s] DEBUG:colcon.colcon_parallel_executor.executor.parallel:loop closed
[2.078s] DEBUG:colcon.colcon_parallel_executor.executor.parallel:run_until_complete finished with '0'
[2.078s] DEBUG:colcon.colcon_core.event_reactor:joining thread
[2.085s] INFO:colcon.colcon_core.plugin_system:Skipping extension 'colcon_notification.desktop_notification.notify_send': Could not find 'notify-send'
[2.085s] INFO:colcon.colcon_core.plugin_system:Skipping extension 'colcon_notification.desktop_notification.terminal_notifier': Not used on non-Darwin systems
[2.085s] INFO:colcon.colcon_core.plugin_system:Skipping extension 'colcon_notification.desktop_notification.win32': Not used on non-Windows systems
[2.085s] INFO:colcon.colcon_notification.desktop_notification:Sending desktop notification using 'notify2'
[2.087s] DEBUG:colcon.colcon_notification.desktop_notification.notify2:Failed to initialize notify2: org.freedesktop.DBus.Error.Spawn.ExecFailed: /usr/bin/dbus-launch terminated abnormally without any error message
[2.087s] DEBUG:colcon.colcon_core.event_reactor:joined thread
[2.088s] INFO:colcon.colcon_core.shell:Creating prefix script '/home/user/ros2_ws/src/my_rb1_robot/install/local_setup.ps1'
[2.089s] INFO:colcon.colcon_core.shell:Creating prefix util module '/home/user/ros2_ws/src/my_rb1_robot/install/_local_setup_util_ps1.py'
[2.090s] INFO:colcon.colcon_core.shell:Creating prefix chain script '/home/user/ros2_ws/src/my_rb1_robot/install/setup.ps1'
[2.093s] INFO:colcon.colcon_core.shell:Creating prefix script '/home/user/ros2_ws/src/my_rb1_robot/install/local_setup.sh'
[2.093s] INFO:colcon.colcon_core.shell:Creating prefix util module '/home/user/ros2_ws/src/my_rb1_robot/install/_local_setup_util_sh.py'
[2.094s] INFO:colcon.colcon_core.shell:Creating prefix chain script '/home/user/ros2_ws/src/my_rb1_robot/install/setup.sh'
[2.096s] INFO:colcon.colcon_core.shell:Creating prefix script '/home/user/ros2_ws/src/my_rb1_robot/install/local_setup.bash'
[2.097s] INFO:colcon.colcon_core.shell:Creating prefix chain script '/home/user/ros2_ws/src/my_rb1_robot/install/setup.bash'
[2.100s] INFO:colcon.colcon_core.shell:Creating prefix script '/home/user/ros2_ws/src/my_rb1_robot/install/local_setup.zsh'
[2.100s] INFO:colcon.colcon_core.shell:Creating prefix chain script '/home/user/ros2_ws/src/my_rb1_robot/install/setup.zsh'
