/usr/local/lib/python3.10/dist-packages/setuptools/_distutils/dist.py:289: UserWarning: Unknown distribution option: 'tests_require'
  warnings.warn(msg)
running egg_info
creating ../build/my_rb1_gazebo/my_rb1_gazebo.egg-info
writing ../build/my_rb1_gazebo/my_rb1_gazebo.egg-info/PKG-INFO
writing dependency_links to ../build/my_rb1_gazebo/my_rb1_gazebo.egg-info/dependency_links.txt
writing requirements to ../build/my_rb1_gazebo/my_rb1_gazebo.egg-info/requires.txt
writing top-level names to ../build/my_rb1_gazebo/my_rb1_gazebo.egg-info/top_level.txt
writing manifest file '../build/my_rb1_gazebo/my_rb1_gazebo.egg-info/SOURCES.txt'
reading manifest file '../build/my_rb1_gazebo/my_rb1_gazebo.egg-info/SOURCES.txt'
writing manifest file '../build/my_rb1_gazebo/my_rb1_gazebo.egg-info/SOURCES.txt'
running build
running build_py
creating /home/user/ros2_ws/src/my_rb1_robot/build/my_rb1_gazebo/build/lib/my_rb1_gazebo
copying my_rb1_gazebo/__init__.py -> /home/user/ros2_ws/src/my_rb1_robot/build/my_rb1_gazebo/build/lib/my_rb1_gazebo
running install
running install_lib
creating /home/user/ros2_ws/src/my_rb1_robot/install/my_rb1_gazebo/lib/python3.10/site-packages/my_rb1_gazebo
copying /home/user/ros2_ws/src/my_rb1_robot/build/my_rb1_gazebo/build/lib/my_rb1_gazebo/__init__.py -> /home/user/ros2_ws/src/my_rb1_robot/install/my_rb1_gazebo/lib/python3.10/site-packages/my_rb1_gazebo
byte-compiling /home/user/ros2_ws/src/my_rb1_robot/install/my_rb1_gazebo/lib/python3.10/site-packages/my_rb1_gazebo/__init__.py to __init__.cpython-310.pyc
running install_data
creating /home/user/ros2_ws/src/my_rb1_robot/install/my_rb1_gazebo/share/ament_index/resource_index/packages
copying resource/my_rb1_gazebo -> /home/user/ros2_ws/src/my_rb1_robot/install/my_rb1_gazebo/share/ament_index/resource_index/packages
copying package.xml -> /home/user/ros2_ws/src/my_rb1_robot/install/my_rb1_gazebo/share/my_rb1_gazebo
creating /home/user/ros2_ws/src/my_rb1_robot/install/my_rb1_gazebo/share/my_rb1_gazebo/urdf
creating /home/user/ros2_ws/src/my_rb1_robot/install/my_rb1_gazebo/share/my_rb1_gazebo/launch
copying launch/empty_world.launch.py -> /home/user/ros2_ws/src/my_rb1_robot/install/my_rb1_gazebo/share/my_rb1_gazebo/launch
copying launch/spawn.launch.py -> /home/user/ros2_ws/src/my_rb1_robot/install/my_rb1_gazebo/share/my_rb1_gazebo/launch
running install_egg_info
Copying ../build/my_rb1_gazebo/my_rb1_gazebo.egg-info to /home/user/ros2_ws/src/my_rb1_robot/install/my_rb1_gazebo/lib/python3.10/site-packages/my_rb1_gazebo-0.0.0-py3.10.egg-info
running install_scripts
writing list of installed files to '/home/user/ros2_ws/src/my_rb1_robot/build/my_rb1_gazebo/install.log'
