[1.139s] Invoking command in '/home/user/ros2_ws/src/my_rb1_robot/my_rb1_gazebo': PYTHONPATH=/home/user/ros2_ws/src/my_rb1_robot/build/my_rb1_gazebo/prefix_override:/usr/lib/python3/dist-packages/colcon_core/task/python/colcon_distutils_commands:/home/user/ros2_ws/src/my_rb1_robot/install/my_rb1_gazebo/lib/python3.10/site-packages:${PYTHONPATH} _=/usr/bin/env /usr/bin/python3 -W ignore:setup.py install is deprecated -W ignore:easy_install command is deprecated setup.py egg_info --egg-base ../build/my_rb1_gazebo build --build-base /home/user/ros2_ws/src/my_rb1_robot/build/my_rb1_gazebo/build install --record /home/user/ros2_ws/src/my_rb1_robot/build/my_rb1_gazebo/install.log --single-version-externally-managed install_data
[1.337s] /usr/local/lib/python3.10/dist-packages/setuptools/_distutils/dist.py:289: UserWarning: Unknown distribution option: 'tests_require'
[1.337s]   warnings.warn(msg)
[1.467s] running egg_info
[1.486s] creating ../build/my_rb1_gazebo/my_rb1_gazebo.egg-info
[1.487s] writing ../build/my_rb1_gazebo/my_rb1_gazebo.egg-info/PKG-INFO
[1.487s] writing dependency_links to ../build/my_rb1_gazebo/my_rb1_gazebo.egg-info/dependency_links.txt
[1.487s] writing requirements to ../build/my_rb1_gazebo/my_rb1_gazebo.egg-info/requires.txt
[1.488s] writing top-level names to ../build/my_rb1_gazebo/my_rb1_gazebo.egg-info/top_level.txt
[1.488s] writing manifest file '../build/my_rb1_gazebo/my_rb1_gazebo.egg-info/SOURCES.txt'
[1.531s] reading manifest file '../build/my_rb1_gazebo/my_rb1_gazebo.egg-info/SOURCES.txt'
[1.532s] writing manifest file '../build/my_rb1_gazebo/my_rb1_gazebo.egg-info/SOURCES.txt'
[1.532s] running build
[1.532s] running build_py
[1.533s] creating /home/user/ros2_ws/src/my_rb1_robot/build/my_rb1_gazebo/build/lib/my_rb1_gazebo
[1.533s] copying my_rb1_gazebo/__init__.py -> /home/user/ros2_ws/src/my_rb1_robot/build/my_rb1_gazebo/build/lib/my_rb1_gazebo
[1.533s] running install
[1.537s] running install_lib
[1.557s] creating /home/user/ros2_ws/src/my_rb1_robot/install/my_rb1_gazebo/lib/python3.10/site-packages/my_rb1_gazebo
[1.558s] copying /home/user/ros2_ws/src/my_rb1_robot/build/my_rb1_gazebo/build/lib/my_rb1_gazebo/__init__.py -> /home/user/ros2_ws/src/my_rb1_robot/install/my_rb1_gazebo/lib/python3.10/site-packages/my_rb1_gazebo
[1.559s] byte-compiling /home/user/ros2_ws/src/my_rb1_robot/install/my_rb1_gazebo/lib/python3.10/site-packages/my_rb1_gazebo/__init__.py to __init__.cpython-310.pyc
[1.559s] running install_data
[1.560s] creating /home/user/ros2_ws/src/my_rb1_robot/install/my_rb1_gazebo/share/ament_index/resource_index/packages
[1.560s] copying resource/my_rb1_gazebo -> /home/user/ros2_ws/src/my_rb1_robot/install/my_rb1_gazebo/share/ament_index/resource_index/packages
[1.560s] copying package.xml -> /home/user/ros2_ws/src/my_rb1_robot/install/my_rb1_gazebo/share/my_rb1_gazebo
[1.560s] creating /home/user/ros2_ws/src/my_rb1_robot/install/my_rb1_gazebo/share/my_rb1_gazebo/urdf
[1.560s] creating /home/user/ros2_ws/src/my_rb1_robot/install/my_rb1_gazebo/share/my_rb1_gazebo/launch
[1.561s] copying launch/empty_world.launch.py -> /home/user/ros2_ws/src/my_rb1_robot/install/my_rb1_gazebo/share/my_rb1_gazebo/launch
[1.561s] copying launch/spawn.launch.py -> /home/user/ros2_ws/src/my_rb1_robot/install/my_rb1_gazebo/share/my_rb1_gazebo/launch
[1.561s] running install_egg_info
[1.589s] Copying ../build/my_rb1_gazebo/my_rb1_gazebo.egg-info to /home/user/ros2_ws/src/my_rb1_robot/install/my_rb1_gazebo/lib/python3.10/site-packages/my_rb1_gazebo-0.0.0-py3.10.egg-info
[1.589s] running install_scripts
[1.783s] writing list of installed files to '/home/user/ros2_ws/src/my_rb1_robot/build/my_rb1_gazebo/install.log'
[1.815s] Invoked command in '/home/user/ros2_ws/src/my_rb1_robot/my_rb1_gazebo' returned '0': PYTHONPATH=/home/user/ros2_ws/src/my_rb1_robot/build/my_rb1_gazebo/prefix_override:/usr/lib/python3/dist-packages/colcon_core/task/python/colcon_distutils_commands:/home/user/ros2_ws/src/my_rb1_robot/install/my_rb1_gazebo/lib/python3.10/site-packages:${PYTHONPATH} _=/usr/bin/env /usr/bin/python3 -W ignore:setup.py install is deprecated -W ignore:easy_install command is deprecated setup.py egg_info --egg-base ../build/my_rb1_gazebo build --build-base /home/user/ros2_ws/src/my_rb1_robot/build/my_rb1_gazebo/build install --record /home/user/ros2_ws/src/my_rb1_robot/build/my_rb1_gazebo/install.log --single-version-externally-managed install_data
